{"sessionId":"70248f","hypothesisId":"H7","location":"OnTreeLButtonDown","message":"captured plain click target","data":{"selCount":0,"caret":0000000000000000,"itemNew":000001AB752F5820,"ctrl":0,"alt":0,"shift":0,"extras":-1},"timestamp":30344578}
{"sessionId":"70248f","hypothesisId":"H7","location":"OnTreeLButtonDown","message":"captured plain click target","data":{"selCount":5,"caret":000001AB752F57B0,"itemNew":000001AB752C2690,"ctrl":0,"alt":0,"shift":0,"extras":-1},"timestamp":30347062}
{"sessionId":"70248f","hypothesisId":"H7","location":"OnTreeLButtonDown","message":"captured plain click target","data":{"selCount":4,"caret":000001AB752C2690,"itemNew":000001AB752C23F0,"ctrl":0,"alt":0,"shift":0,"extras":-1},"timestamp":30347578}
{"sessionId":"70248f","hypothesisId":"H7","location":"OnTreeLButtonDown","message":"captured plain click target","data":{"selCount":3,"caret":000001AB752C23F0,"itemNew":000001AB752C2850,"ctrl":0,"alt":0,"shift":0,"extras":-1},"timestamp":30348015}
{"sessionId":"70248f","hypothesisId":"H7","location":"OnTreeLButtonDown","message":"captured plain click target","data":{"selCount":2,"caret":000001AB752C2850,"itemNew":000001AB752F5AC0,"ctrl":0,"alt":0,"shift":0,"extras":-1},"timestamp":30348593}
{"sessionId":"70248f","hypothesisId":"H7","location":"OnTreeLButtonDown","message":"captured plain click target","data":{"selCount":1,"caret":000001AB752F5AC0,"itemNew":000001AB752F5820,"ctrl":0,"alt":0,"shift":0,"extras":-1},"timestamp":30349265}
{"sessionId":"70248f","hypothesisId":"H7","location":"OnTreeLButtonDown","message":"captured plain click target","data":{"selCount":1,"caret":000001AB752C2F50,"itemNew":000001AB752C2690,"ctrl":0,"alt":0,"shift":0,"extras":-1},"timestamp":30363765}
{"sessionId":"70248f","hypothesisId":"H7","location":"OnTreeLButtonDown","message":"captured plain click target","data":{"selCount":0,"caret":0000000000000000,"itemNew":000001BC365EE1E0,"ctrl":0,"alt":0,"shift":0,"extras":-1},"timestamp":30435843}
{"sessionId":"70248f","hypothesisId":"H7","location":"OnTreeLButtonDown","message":"captured plain click target","data":{"selCount":4,"caret":000001BC3660BB90,"itemNew":000001BC365EE2C0,"ctrl":0,"alt":0,"shift":0,"extras":-1},"timestamp":30437875}
{"sessionId":"70248f","hypothesisId":"H8","location":"OnTreeLButtonDown:collapse","message":"collapse on mouse down before tree toggle","data":{"selCount":4,"caret":000001BC3660BB90,"itemNew":000001BC365EE2C0,"ctrl":0,"alt":0,"shift":0,"extras":-1},"timestamp":30437875}
{"sessionId":"70248f","hypothesisId":"H7","location":"OnTreeLButtonDown","message":"captured plain click target","data":{"selCount":1,"caret":000001BC365EE2C0,"itemNew":000001BC365EE8E0,"ctrl":0,"alt":0,"shift":0,"extras":-1},"timestamp":30438531}
{"sessionId":"70248f","hypothesisId":"H7","location":"OnTreeLButtonDown","message":"captured plain click target","data":{"selCount":1,"caret":000001BC365EE8E0,"itemNew":000001BC3660B2D0,"ctrl":0,"alt":0,"shift":0,"extras":-1},"timestamp":30438906}
{"sessionId":"70248f","hypothesisId":"H7","location":"OnTreeLButtonDown","message":"captured plain click target","data":{"selCount":4,"caret":000001BC3660BB90,"itemNew":000001BC365EE8E0,"ctrl":0,"alt":0,"shift":0,"extras":-1},"timestamp":30440703}
{"sessionId":"70248f","hypothesisId":"H8","location":"OnTreeLButtonDown:collapse","message":"collapse on mouse down before tree toggle","data":{"selCount":4,"caret":000001BC3660BB90,"itemNew":000001BC365EE8E0,"ctrl":0,"alt":0,"shift":0,"extras":-1},"timestamp":30440703}
{"sessionId":"70248f","hypothesisId":"H7","location":"OnTreeLButtonDown","message":"captured plain click target","data":{"selCount":1,"caret":000001BC365EE8E0,"itemNew":000001BC365EE640,"ctrl":0,"alt":0,"shift":0,"extras":-1},"timestamp":30441250}
{"sessionId":"70248f","hypothesisId":"H7","location":"OnTreeLButtonDown","message":"captured plain click target","data":{"selCount":1,"caret":000001BC365EE640,"itemNew":000001BC365EDF40,"ctrl":0,"alt":0,"shift":0,"extras":-1},"timestamp":30442125}
{"sessionId":"70248f","hypothesisId":"H7","location":"OnTreeLButtonDown","message":"captured plain click target","data":{"selCount":5,"caret":000001BC365EE1E0,"itemNew":000001BC365EE8E0,"ctrl":0,"alt":0,"shift":0,"extras":-1},"timestamp":30444453}
{"sessionId":"70248f","hypothesisId":"H8","location":"OnTreeLButtonDown:collapse","message":"collapse on mouse down before tree toggle","data":{"selCount":5,"caret":000001BC365EE1E0,"itemNew":000001BC365EE8E0,"ctrl":0,"alt":0,"shift":0,"extras":-1},"timestamp":30444453}
{"sessionId":"70248f","hypothesisId":"H7","location":"OnTreeLButtonDown","message":"captured plain click target","data":{"selCount":1,"caret":000001BC365EE8E0,"itemNew":000001BC3660B2D0,"ctrl":0,"alt":0,"shift":0,"extras":-1},"timestamp":30445187}
{"sessionId":"70248f","hypothesisId":"H7","location":"OnTreeLButtonDown","message":"captured plain click target","data":{"selCount":1,"caret":000001BC3660B2D0,"itemNew":000001BC365EE1E0,"ctrl":0,"alt":0,"shift":0,"extras":-1},"timestamp":30445546}
{"sessionId":"70248f","hypothesisId":"H7","location":"OnTreeLButtonDown","message":"captured plain click target","data":{"selCount":4,"caret":000001BC3660B2D0,"itemNew":000001BC365EE8E0,"ctrl":0,"alt":0,"shift":0,"extras":-1},"timestamp":30447656}
{"sessionId":"70248f","hypothesisId":"H8","location":"OnTreeLButtonDown:collapse","message":"collapse on mouse down before tree toggle","data":{"selCount":4,"caret":000001BC3660B2D0,"itemNew":000001BC365EE8E0,"ctrl":0,"alt":0,"shift":0,"extras":-1},"timestamp":30447656}
